// Jest Snapshot v1, https://goo.gl/fbAQLP

exports[`BShuttle BShuttle renders correctly 1`] = `
<div class="shuttle">
    <div class="available">
        <ul>
            <!---->
        </ul>
    </div>
    <div class="buttons">
        <button type="button">
            All
            <i aria-hidden="true" class="fa fa-arrow-right"></i>
        </button>
        <button type="button">
            <i aria-hidden="true" class="fa fa-arrow-right"></i>
        </button>
        <button type="button">
            <i aria-hidden="true" class="fa fa-arrow-left"></i>
        </button>
        <button type="button">
            All
            <i aria-hidden="true" class="fa fa-arrow-left"></i>
        </button>
    </div>
    <div class="chosen">
        <ul></ul>
    </div>
</div>
`;
