// Jest Snapshot v1, https://goo.gl/fbAQLP

exports[`BShuttle BShuttle renders correctly 1`] = `
<div class="shuttle">
    <div class="available">
        <label id="available-label-null">test available label</label>
        <ul aria-labeledby="available-label" role="selectbox" tabindex="0">
            <!---->
            <li id="available-option-null-1" role="option" tabindex="0" class="options">

            </li>
            <li id="available-option-null-2" role="option" tabindex="0" class="options">

            </li>
        </ul>
    </div>
    <div class="buttons">
        <button id="all-to-chosen" type="button">
            All
            <i aria-hidden="true" class="fa fa-arrow-right"></i>
        </button>
        <button id="selected-to-chosen" type="button">
            <i aria-hidden="true" class="fa fa-arrow-right"></i>
        </button>
        <button id="selected-to-available" type="button">
            <i aria-hidden="true" class="fa fa-arrow-left"></i>
        </button>
        <button id="all-to-available" type="button">
            All
            <i aria-hidden="true" class="fa fa-arrow-left"></i>
        </button>
    </div>
    <div class="chosen">
        <label id="chosen-label">test chosen label</label>
        <ul aria-labeledby="chosen-label" role="selectbox"></ul> <span id="error-null" class="error-text" style="display: none;"></span></div>
</div>
`;
