// Jest Snapshot v1, https://goo.gl/fbAQLP

exports[`BShuttle BShuttle renders correctly 1`] = `
<div class="shuttle">
    <div class="b-shuttle-available">
        <label id="available-label-null">test available label</label>
        <ul aria-labelledby="available-label-null" tabindex="-1" role="listbox" class="input">
            <!---->
            <li id="available-option-null-1" role="option" tabindex="0" class="b-shuttle-options">

            </li>
            <li id="available-option-null-2" role="option" tabindex="0" class="b-shuttle-options">

            </li>
        </ul>
    </div>
    <div class="b-shuttle-buttons">
        <button aria-label="Move All To Chosen" id="all-to-chosen" type="button">
            <img src="[object Object]" class="icon">
        </button>
        <button aria-label="Move Selected To Chosen" id="selected-to-chosen" type="button">
            <i aria-hidden="true" class="icon ion-arrow-right-c"></i>
        </button>
        <button aria-label="Move Selected To Available" id="selected-to-available" type="button">
            <i aria-hidden="true" class="icon ion-arrow-left-c"></i>
        </button>
        <button aria-label="Move All To Available" id="all-to-available" type="button">
            <img src="[object Object]" class="icon">
        </button>
    </div>
    <div class="b-shuttle-chosen">
        <label id="chosen-label-null">test chosen label</label>
        <ul aria-labelledby="chosen-label-null" role="listbox" class="input"></ul> <span id="error-null" class="error-text" style="display: none;"></span></div>
</div>
`;
