// Jest Snapshot v1, https://goo.gl/fbAQLP

exports[`BTable BTable renders correctly 1`] = `
<table class="b-table">
    <tr class="b-table-row">
        <th class="b-table-header">
            <button type="button">
                testColumn1
                <img src="[object Object]" class="icon">
            </button>
        </th>
        <th class="b-table-header">
            <button type="button">
                testColumn2
                <img src="[object Object]" class="icon">
            </button>
        </th>
    </tr>
    <tr class="b-table-row">
        <td class="b-table-cell"></td>
        <td class="b-table-cell"></td>
    </tr>
</table>
`;
