// Jest Snapshot v1, https://goo.gl/fbAQLP

exports[`BTable BTable renders correctly 1`] = `
<div class="b-table-container">
    <table>
        <tr>
            <th>
                testColumn1
            </th>
            <th>
                testColumn2
            </th>
        </tr>
        <tr>
            <td>

            </td>
            <td>

            </td>
        </tr>
    </table>
</div>
`;
